#-------------------------------------------------------------------------------
# Used to define html application
#-------------------------------------------------------------------------------
[ApplicationConstants]
GOJS_MINIMAL_URL="http://www.gojs.net/latest/samples/minimal.html"
THOMAS_BAYER_URL="http://www.thomas-bayer.com"
THOMAS_BAYER_SQLREST_URL="http://www.thomas-bayer.com/sqlrest/"
THOMAS_BAYER_SQLREST_CUSTOMER_URL="http://www.thomas-bayer.com/sqlrest/CUSTOMER/"
THOMAS_BAYER_SQLREST_INVOICE_URL="http://www.thomas-bayer.com/sqlrest/INVOICE/"
THOMAS_BAYER_SQLREST_ITEM_URL="http://www.thomas-bayer.com/sqlrest/ITEM/"
THOMAS_BAYER_SQLREST_PRODUCT_URL="http://www.thomas-bayer.com/sqlrest/PRODUCT/"

HtmlLinkTargetPageURL="http://www.w3schools.com/tags/tryit.asp?filename=tryhtml_link_target"

[GoJSSamples]
Diagram="id=myDiagram"
MenuPageFlow="id=menu;\;xpath=//li[text()='Page Flow']"
Palette="id=palette"

[ThomasBayerPage]
ThomasBayerPage="xpath=/html/body"

[HtmlLinkTargetPage]
HtmlLinkTargetPage="FRAMEID=iframeResult"
Body="xpath=/html/body"
Link="xpath=/html/body/a"

[W3CPage]
W3CPage="xpath=/html"